---
source: crates/rusvelte-parser/tests/attributes/mod.rs
expression: root
input_file: crates/rusvelte-parser/tests/attributes/inputs/attribute-shorthand.svelte
---
{
  "type": "Root",
  "css": null,
  "start": 0,
  "end": 16,
  "fragment": {
    "type": "Fragment",
    "nodes": [
      {
        "type": "RegularElement",
        "start": 0,
        "end": 16,
        "name": "div",
        "attributes": [
          {
            "type": "Attribute",
            "start": 5,
            "end": 9,
            "name": "id",
            "value": {
              "type": "ExpressionTag",
              "start": 6,
              "end": 8,
              "expression": {
                "type": "Identifier",
                "start": 6,
                "end": 8,
                "name": "id"
              }
            }
          }
        ],
        "fragment": {
          "type": "Fragment",
          "nodes": []
        }
      }
    ]
  },
  "module": null,
  "instance": null
}
