---
source: crates/rusvelte_parser/tests/simple/mod.rs
expression: root
input_file: crates/rusvelte_parser/tests/simple/inputs/text.svelte
snapshot_kind: text
---
{
  "type": "Root",
  "css": null,
  "start": 0,
  "end": 8,
  "fragment": {
    "type": "Fragment",
    "nodes": [
      {
        "type": "Text",
        "start": 0,
        "end": 8,
        "raw": "text&lt;",
        "data": "text<"
      }
    ]
  },
  "module": null,
  "instance": null,
  "options": null
}
